Archive member included to satisfy reference by file (symbol)

C:/ST/STM32CubeIDE_1.17.0/STM32CubeIDE/plugins/com.st.stm32cube.ide.mcu.externaltools.gnu-tools-for-stm32.12.3.rel1.win32_1.1.0.202410251130/tools/bin/../lib/gcc/arm-none-eabi/12.3.1/../../../../arm-none-eabi/lib/thumb/v6-m/nofp\libc_nano.a(libc_a-exit.o)
                              C:/ST/STM32CubeIDE_1.17.0/STM32CubeIDE/plugins/com.st.stm32cube.ide.mcu.externaltools.gnu-tools-for-stm32.12.3.rel1.win32_1.1.0.202410251130/tools/bin/../lib/gcc/arm-none-eabi/12.3.1/../../../../arm-none-eabi/lib/thumb/v6-m/nofp/crt0.o (exit)
C:/ST/STM32CubeIDE_1.17.0/STM32CubeIDE/plugins/com.st.stm32cube.ide.mcu.externaltools.gnu-tools-for-stm32.12.3.rel1.win32_1.1.0.202410251130/tools/bin/../lib/gcc/arm-none-eabi/12.3.1/../../../../arm-none-eabi/lib/thumb/v6-m/nofp\libc_nano.a(libc_a-findfp.o)
                              C:/ST/STM32CubeIDE_1.17.0/STM32CubeIDE/plugins/com.st.stm32cube.ide.mcu.externaltools.gnu-tools-for-stm32.12.3.rel1.win32_1.1.0.202410251130/tools/bin/../lib/gcc/arm-none-eabi/12.3.1/../../../../arm-none-eabi/lib/thumb/v6-m/nofp\libc_nano.a(libc_a-exit.o) (__stdio_exit_handler)
C:/ST/STM32CubeIDE_1.17.0/STM32CubeIDE/plugins/com.st.stm32cube.ide.mcu.externaltools.gnu-tools-for-stm32.12.3.rel1.win32_1.1.0.202410251130/tools/bin/../lib/gcc/arm-none-eabi/12.3.1/../../../../arm-none-eabi/lib/thumb/v6-m/nofp\libc_nano.a(libc_a-fwalk.o)
                              C:/ST/STM32CubeIDE_1.17.0/STM32CubeIDE/plugins/com.st.stm32cube.ide.mcu.externaltools.gnu-tools-for-stm32.12.3.rel1.win32_1.1.0.202410251130/tools/bin/../lib/gcc/arm-none-eabi/12.3.1/../../../../arm-none-eabi/lib/thumb/v6-m/nofp\libc_nano.a(libc_a-findfp.o) (_fwalk_sglue)
C:/ST/STM32CubeIDE_1.17.0/STM32CubeIDE/plugins/com.st.stm32cube.ide.mcu.externaltools.gnu-tools-for-stm32.12.3.rel1.win32_1.1.0.202410251130/tools/bin/../lib/gcc/arm-none-eabi/12.3.1/../../../../arm-none-eabi/lib/thumb/v6-m/nofp\libc_nano.a(libc_a-stdio.o)
                              C:/ST/STM32CubeIDE_1.17.0/STM32CubeIDE/plugins/com.st.stm32cube.ide.mcu.externaltools.gnu-tools-for-stm32.12.3.rel1.win32_1.1.0.202410251130/tools/bin/../lib/gcc/arm-none-eabi/12.3.1/../../../../arm-none-eabi/lib/thumb/v6-m/nofp\libc_nano.a(libc_a-findfp.o) (__sread)
C:/ST/STM32CubeIDE_1.17.0/STM32CubeIDE/plugins/com.st.stm32cube.ide.mcu.externaltools.gnu-tools-for-stm32.12.3.rel1.win32_1.1.0.202410251130/tools/bin/../lib/gcc/arm-none-eabi/12.3.1/../../../../arm-none-eabi/lib/thumb/v6-m/nofp\libc_nano.a(libc_a-memset.o)
                              C:/ST/STM32CubeIDE_1.17.0/STM32CubeIDE/plugins/com.st.stm32cube.ide.mcu.externaltools.gnu-tools-for-stm32.12.3.rel1.win32_1.1.0.202410251130/tools/bin/../lib/gcc/arm-none-eabi/12.3.1/../../../../arm-none-eabi/lib/thumb/v6-m/nofp/crt0.o (memset)
C:/ST/STM32CubeIDE_1.17.0/STM32CubeIDE/plugins/com.st.stm32cube.ide.mcu.externaltools.gnu-tools-for-stm32.12.3.rel1.win32_1.1.0.202410251130/tools/bin/../lib/gcc/arm-none-eabi/12.3.1/../../../../arm-none-eabi/lib/thumb/v6-m/nofp\libc_nano.a(libc_a-closer.o)
                              C:/ST/STM32CubeIDE_1.17.0/STM32CubeIDE/plugins/com.st.stm32cube.ide.mcu.externaltools.gnu-tools-for-stm32.12.3.rel1.win32_1.1.0.202410251130/tools/bin/../lib/gcc/arm-none-eabi/12.3.1/../../../../arm-none-eabi/lib/thumb/v6-m/nofp\libc_nano.a(libc_a-stdio.o) (_close_r)
C:/ST/STM32CubeIDE_1.17.0/STM32CubeIDE/plugins/com.st.stm32cube.ide.mcu.externaltools.gnu-tools-for-stm32.12.3.rel1.win32_1.1.0.202410251130/tools/bin/../lib/gcc/arm-none-eabi/12.3.1/../../../../arm-none-eabi/lib/thumb/v6-m/nofp\libc_nano.a(libc_a-reent.o)
                              C:/ST/STM32CubeIDE_1.17.0/STM32CubeIDE/plugins/com.st.stm32cube.ide.mcu.externaltools.gnu-tools-for-stm32.12.3.rel1.win32_1.1.0.202410251130/tools/bin/../lib/gcc/arm-none-eabi/12.3.1/../../../../arm-none-eabi/lib/thumb/v6-m/nofp\libc_nano.a(libc_a-closer.o) (errno)
C:/ST/STM32CubeIDE_1.17.0/STM32CubeIDE/plugins/com.st.stm32cube.ide.mcu.externaltools.gnu-tools-for-stm32.12.3.rel1.win32_1.1.0.202410251130/tools/bin/../lib/gcc/arm-none-eabi/12.3.1/../../../../arm-none-eabi/lib/thumb/v6-m/nofp\libc_nano.a(libc_a-impure.o)
                              C:/ST/STM32CubeIDE_1.17.0/STM32CubeIDE/plugins/com.st.stm32cube.ide.mcu.externaltools.gnu-tools-for-stm32.12.3.rel1.win32_1.1.0.202410251130/tools/bin/../lib/gcc/arm-none-eabi/12.3.1/../../../../arm-none-eabi/lib/thumb/v6-m/nofp\libc_nano.a(libc_a-reent.o) (_impure_ptr)
C:/ST/STM32CubeIDE_1.17.0/STM32CubeIDE/plugins/com.st.stm32cube.ide.mcu.externaltools.gnu-tools-for-stm32.12.3.rel1.win32_1.1.0.202410251130/tools/bin/../lib/gcc/arm-none-eabi/12.3.1/../../../../arm-none-eabi/lib/thumb/v6-m/nofp\libc_nano.a(libc_a-lseekr.o)
[...]
Memory Configuration

Name             Origin             Length             Attributes
RAM              0x20000000         0x00002000         xrw
FLASH            0x08000000         0x00010000         xr
*default*        0x00000000         0xffffffff

Linker script and memory map

LOAD C:/ST/STM32CubeIDE_1.17.0/STM32CubeIDE/plugins/com.st.stm32cube.ide.mcu.externaltools.gnu-tools-for-stm32.12.3.rel1.win32_1.1.0.202410251130/tools/bin/../lib/gcc/arm-none-eabi/12.3.1/thumb/v6-m/nofp/crti.o
LOAD C:/ST/STM32CubeIDE_1.17.0/STM32CubeIDE/plugins/com.st.stm32cube.ide.mcu.externaltools.gnu-tools-for-stm32.12.3.rel1.win32_1.1.0.202410251130/tools/bin/../lib/gcc/arm-none-eabi/12.3.1/thumb/v6-m/nofp/crtbegin.o
LOAD C:/ST/STM32CubeIDE_1.17.0/STM32CubeIDE/plugins/com.st.stm32cube.ide.mcu.externaltools.gnu-tools-for-stm32.12.3.rel1.win32_1.1.0.202410251130/tools/bin/../lib/gcc/arm-none-eabi/12.3.1/../../../../arm-none-eabi/lib/thumb/v6-m/nofp/crt0.o
LOAD ./Core/Src/lsm6dsr_reg.o
LOAD ./Core/Src/main.o
LOAD ./Core/Src/max31331_reg.o
LOAD ./Core/Src/stm32u0xx_hal_msp.o
LOAD ./Core/Src/stm32u0xx_it.o
LOAD ./Core/Src/syscalls.o
LOAD ./Core/Src/sysmem.o
LOAD ./Core/Src/system_stm32u0xx.o
LOAD ./Core/Startup/startup_stm32u031c8tx.o
LOAD ./Drivers/STM32U0xx_HAL_Driver/Src/stm32u0xx_hal.o
LOAD ./Drivers/STM32U0xx_HAL_Driver/Src/stm32u0xx_hal_cortex.o
LOAD ./Drivers/STM32U0xx_HAL_Driver/Src/stm32u0xx_hal_dma.o
LOAD ./Drivers/STM32U0xx_HAL_Driver/Src/stm32u0xx_hal_dma_ex.o
LOAD ./Drivers/STM32U0xx_HAL_Driver/Src/stm32u0xx_hal_exti.o
LOAD ./Drivers/STM32U0xx_HAL_Driver/Src/stm32u0xx_hal_flash.o
LOAD ./Drivers/STM32U0xx_HAL_Driver/Src/stm32u0xx_hal_flash_ex.o
LOAD ./Drivers/STM32U0xx_HAL_Driver/Src/stm32u0xx_hal_gpio.o
LOAD ./Drivers/STM32U0xx_HAL_Driver/Src/stm32u0xx_hal_i2c.o
LOAD ./Drivers/STM32U0xx_HAL_Driver/Src/stm32u0xx_hal_i2c_ex.o
LOAD ./Drivers/STM32U0xx_HAL_Driver/Src/stm32u0xx_hal_pwr.o
LOAD ./Drivers/STM32U0xx_HAL_Driver/Src/stm32u0xx_hal_pwr_ex.o
LOAD ./Drivers/STM32U0xx_HAL_Driver/Src/stm32u0xx_hal_rcc.o
LOAD ./Drivers/STM32U0xx_HAL_Driver/Src/stm32u0xx_hal_rcc_ex.o
LOAD ./Drivers/STM32U0xx_HAL_Driver/Src/stm32u0xx_hal_rtc.o
LOAD ./Drivers/STM32U0xx_HAL_Driver/Src/stm32u0xx_hal_rtc_ex.o
LOAD ./Drivers/STM32U0xx_HAL_Driver/Src/stm32u0xx_ll_i2c.o
START GROUP
LOAD C:/ST/STM32CubeIDE_1.17.0/STM32CubeIDE/plugins/com.st.stm32cube.ide.mcu.externaltools.gnu-tools-for-stm32.12.3.rel1.win32_1.1.0.202410251130/tools/bin/../lib/gcc/arm-none-eabi/12.3.1/../../../../arm-none-eabi/lib/thumb/v6-m/nofp\libc_nano.a
LOAD C:/ST/STM32CubeIDE_1.17.0/STM32CubeIDE/plugins/com.st.stm32cube.ide.mcu.externaltools.gnu-tools-for-stm32.12.3.rel1.win32_1.1.0.202410251130/tools/bin/../lib/gcc/arm-none-eabi/12.3.1/../../../../arm-none-eabi/lib/thumb/v6-m/nofp\libm.a
END GROUP
START GROUP
LOAD C:/ST/STM32CubeIDE_1.17.0/STM32CubeIDE/plugins/com.st.stm32cube.ide.mcu.externaltools.gnu-tools-for-stm32.12.3.rel1.win32_1.1.0.202410251130/tools/bin/../lib/gcc/arm-none-eabi/12.3.1/thumb/v6-m/nofp\libgcc.a
LOAD C:/ST/STM32CubeIDE_1.17.0/STM32CubeIDE/plugins/com.st.stm32cube.ide.mcu.externaltools.gnu-tools-for-stm32.12.3.rel1.win32_1.1.0.202410251130/tools/bin/../lib/gcc/arm-none-eabi/12.3.1/../../../../arm-none-eabi/lib/thumb/v6-m/nofp\libc_nano.a
END GROUP
START GROUP
LOAD C:/ST/STM32CubeIDE_1.17.0/STM32CubeIDE/plugins/com.st.stm32cube.ide.mcu.externaltools.gnu-tools-for-stm32.12.3.rel1.win32_1.1.0.202410251130/tools/bin/../lib/gcc/arm-none-eabi/12.3.1/thumb/v6-m/nofp\libgcc.a
LOAD C:/ST/STM32CubeIDE_1.17.0/STM32CubeIDE/plugins/com.st.stm32cube.ide.mcu.externaltools.gnu-tools-for-stm32.12.3.rel1.win32_1.1.0.202410251130/tools/bin/../lib/gcc/arm-none-eabi/12.3.1/../../../../arm-none-eabi/lib/thumb/v6-m/nofp\libc_nano.a
LOAD C:/ST/STM32CubeIDE_1.17.0/STM32CubeIDE/plugins/com.st.stm32cube.ide.mcu.externaltools.gnu-tools-for-stm32.12.3.rel1.win32_1.1.0.202410251130/tools/bin/../lib/gcc/arm-none-eabi/12.3.1/../../../../arm-none-eabi/lib/thumb/v6-m/nofp\libnosys.a
END GROUP
START GROUP
LOAD C:/ST/STM32CubeIDE_1.17.0/STM32CubeIDE/plugins/com.st.stm32cube.ide.mcu.externaltools.gnu-tools-for-stm32.12.3.rel1.win32_1.1.0.202410251130/tools/bin/../lib/gcc/arm-none-eabi/12.3.1/thumb/v6-m/nofp\libgcc.a
LOAD C:/ST/STM32CubeIDE_1.17.0/STM32CubeIDE/plugins/com.st.stm32cube.ide.mcu.externaltools.gnu-tools-for-stm32.12.3.rel1.win32_1.1.0.202410251130/tools/bin/../lib/gcc/arm-none-eabi/12.3.1/../../../../arm-none-eabi/lib/thumb/v6-m/nofp\libc_nano.a
LOAD C:/ST/STM32CubeIDE_1.17.0/STM32CubeIDE/plugins/com.st.stm32cube.ide.mcu.externaltools.gnu-tools-for-stm32.12.3.rel1.win32_1.1.0.202410251130/tools/bin/../lib/gcc/arm-none-eabi/12.3.1/../../../../arm-none-eabi/lib/thumb/v6-m/nofp\libnosys.a
END GROUP
LOAD C:/ST/STM32CubeIDE_1.17.0/STM32CubeIDE/plugins/com.st.stm32cube.ide.mcu.externaltools.gnu-tools-for-stm32.12.3.rel1.win32_1.1.0.202410251130/tools/bin/../lib/gcc/arm-none-eabi/12.3.1/thumb/v6-m/nofp/crtend.o
LOAD C:/ST/STM32CubeIDE_1.17.0/STM32CubeIDE/plugins/com.st.stm32cube.ide.mcu.externaltools.gnu-tools-for-stm32.12.3.rel1.win32_1.1.0.202410251130/tools/bin/../lib/gcc/arm-none-eabi/12.3.1/thumb/v6-m/nofp/crtn.o
                0x20002000                        _estack = (ORIGIN (RAM) + LENGTH (RAM))
                0x00000200                        _Min_Heap_Size = 0x200
                0x00000400                        _Min_Stack_Size = 0x400

.isr_vector     0x08000000       0xc0
                0x08000000                        . = ALIGN (0x4)
 *(.isr_vector)
 .isr_vector    0x08000000       0xc0 ./Core/Startup/startup_stm32u031c8tx.o
                0x08000000                g_pfnVectors
                0x080000c0                        . = ALIGN (0x4)

.text           0x080000c0     0x7c88
                0x080000c0                        . = ALIGN (0x4)
 *(.text)
 .text          0x080000c0       0x48 C:/ST/STM32CubeIDE_1.17.0/STM32CubeIDE/plugins/com.st.stm32cube.ide.mcu.externaltools.gnu-tools-for-stm32.12.3.rel1.win32_1.1.0.202410251130/tools/bin/../lib/gcc/arm-none-eabi/12.3.1/thumb/v6-m/nofp/crtbegin.o
 .text          0x08000108      0x114 C:/ST/STM32CubeIDE_1.17.0/STM32CubeIDE/plugins/com.st.stm32cube.ide.mcu.externaltools.gnu-tools-for-stm32.12.3.rel1.win32_1.1.0.202410251130/tools/bin/../lib/gcc/arm-none-eabi/12.3.1/thumb/v6-m/nofp\libgcc.a(_udivsi3.o)
                0x08000108                __aeabi_uidiv
                0x08000108                __udivsi3
                0x08000214                __aeabi_uidivmod
 .text          0x0800021c        0x4 C:/ST/STM32CubeIDE_1.17.0/STM32CubeIDE/plugins/com.st.stm32cube.ide.mcu.externaltools.gnu-tools-for-stm32.12.3.rel1.win32_1.1.0.202410251130/tools/bin/../lib/gcc/arm-none-eabi/12.3.1/thumb/v6-m/nofp\libgcc.a(_dvmd_tls.o)
                0x0800021c                __aeabi_idiv0
                0x0800021c                __aeabi_ldiv0
 *(.text*)
 .text.lsm6dsr_read_reg
                0x08000220       0x52 ./Core/Src/lsm6dsr_reg.o
                0x08000220                lsm6dsr_read_reg
 .text.lsm6dsr_write_reg
                0x08000272       0x52 ./Core/Src/lsm6dsr_reg.o
                0x08000272                lsm6dsr_write_reg
 .text.lsm6dsr_xl_full_scale_set
                0x080002c4       0x60 ./Core/Src/lsm6dsr_reg.o
                0x080002c4                lsm6dsr_xl_full_scale_set
 .text.lsm6dsr_xl_data_rate_set
                0x08000324      0x296 ./Core/Src/lsm6dsr_reg.o
                0x08000324                lsm6dsr_xl_data_rate_set
 .text.lsm6dsr_gy_data_rate_set
                0x080005ba      0x296 ./Core/Src/lsm6dsr_reg.o
                0x080005ba                lsm6dsr_gy_data_rate_set
 .text.lsm6dsr_block_data_update_set
                0x08000850       0x60 ./Core/Src/lsm6dsr_reg.o
                0x08000850                lsm6dsr_block_data_update_set
 .text.lsm6dsr_gy_power_mode_set
                0x080008b0       0x5c ./Core/Src/lsm6dsr_reg.o
                0x080008b0                lsm6dsr_gy_power_mode_set
 .text.lsm6dsr_steps_reset
                0x0800090c       0x70 ./Core/Src/lsm6dsr_reg.o
                0x0800090c                lsm6dsr_steps_reset
 .text.lsm6dsr_mem_bank_set
                0x0800097c       0x5c ./Core/Src/lsm6dsr_reg.o
                0x0800097c                lsm6dsr_mem_bank_set
 .text.lsm6dsr_ln_pg_write_byte
                0x080009d8      0x156 ./Core/Src/lsm6dsr_reg.o
                0x080009d8                lsm6dsr_ln_pg_write_byte
 .text.lsm6dsr_ln_pg_read_byte
                0x08000b2e      0x156 ./Core/Src/lsm6dsr_reg.o
                0x08000b2e                lsm6dsr_ln_pg_read_byte
 .text.lsm6dsr_device_id_get
                0x08000c84       0x24 ./Core/Src/lsm6dsr_reg.o
                0x08000c84                lsm6dsr_device_id_get
 .text.lsm6dsr_reset_set
                0x08000ca8       0x60 ./Core/Src/lsm6dsr_reg.o
                0x08000ca8                lsm6dsr_reset_set
 .text.lsm6dsr_reset_get
                0x08000d08       0x36 ./Core/Src/lsm6dsr_reg.o
                0x08000d08                lsm6dsr_reset_get
 .text.lsm6dsr_i3c_disable_set
                0x08000d3e       0xb6 ./Core/Src/lsm6dsr_reg.o
                0x08000d3e                lsm6dsr_i3c_disable_set
 .text.lsm6dsr_pin_int2_route_set
                0x08000df4      0x2de ./Core/Src/lsm6dsr_reg.o
                0x08000df4                lsm6dsr_pin_int2_route_set
 .text.lsm6dsr_pin_int2_route_get
                0x080010d2       0xac ./Core/Src/lsm6dsr_reg.o
                0x080010d2                lsm6dsr_pin_int2_route_get
 .text.lsm6dsr_pin_mode_set
                0x0800117e       0x60 ./Core/Src/lsm6dsr_reg.o
                0x0800117e                lsm6dsr_pin_mode_set
 .text.lsm6dsr_pin_polarity_set
                0x080011de       0x60 ./Core/Src/lsm6dsr_reg.o
                0x080011de                lsm6dsr_pin_polarity_set
 .text.lsm6dsr_int_notification_set
                0x0800123e       0xf8 ./Core/Src/lsm6dsr_reg.o
                0x0800123e                lsm6dsr_int_notification_set
 .text.lsm6dsr_pedo_sens_set
                0x08001336       0x8a ./Core/Src/lsm6dsr_reg.o
                0x08001336                lsm6dsr_pedo_sens_set
 .text.lsm6dsr_pedo_mode_set
                0x080013c0      0x15a ./Core/Src/lsm6dsr_reg.o
                0x080013c0                lsm6dsr_pedo_mode_set
 .text.lsm6dsr_pedo_debounce_steps_set
                0x0800151a       0x26 ./Core/Src/lsm6dsr_reg.o
                0x0800151a                lsm6dsr_pedo_debounce_steps_set
 .text.lsm6dsr_pedo_int_mode_set
                0x08001540       0x68 ./Core/Src/lsm6dsr_reg.o
                0x08001540                lsm6dsr_pedo_int_mode_set
 .text.lsm6dsr_fsm_enable_get
                0x080015a8       0x64 ./Core/Src/lsm6dsr_reg.o
                0x080015a8                lsm6dsr_fsm_enable_get
 .text.lsm6dsr_fsm_data_rate_get
                0x0800160c       0x98 ./Core/Src/lsm6dsr_reg.o
                0x0800160c                lsm6dsr_fsm_data_rate_get
 .text.main     0x080016a4       0xe0 ./Core/Src/main.o
                0x080016a4                main
 .text.SystemClock_Config
                0x08001784       0xac ./Core/Src/main.o
                0x08001784                SystemClock_Config
 .text.MX_I2C3_Init
                0x08001830       0x80 ./Core/Src/main.o
 .text.MX_RTC_Init
                0x080018b0       0xd8 ./Core/Src/main.o
 .text.MX_DMA_Init
                0x08001988       0x3c ./Core/Src/main.o
 .text.MX_GPIO_Init
                0x080019c4      0x1b4 ./Core/Src/main.o
 .text.initJobQueue
                0x08001b78       0x24 ./Core/Src/main.o
                0x08001b78                initJobQueue
 .text.isJobsEmpty
                0x08001b9c       0x1a ./Core/Src/main.o
                0x08001b9c                isJobsEmpty
 .text.isJobsFull
                0x08001bb6       0x1c ./Core/Src/main.o
                0x08001bb6                isJobsFull
 *fill*         0x08001bd2        0x2 
 .text.enqueueJob
                0x08001bd4       0x5c ./Core/Src/main.o
                0x08001bd4                enqueueJob
 .text.dequeueJob
                0x08001c30       0x5c ./Core/Src/main.o
                0x08001c30                dequeueJob
 .text.startJob
                0x08001c8c      0x184 ./Core/Src/main.o
 .text.processJob
                0x08001e10      0x260 ./Core/Src/main.o
 .text.clear_I2C_bus
                0x08002070       0xaa ./Core/Src/main.o
 *fill*         0x0800211a        0x2 
 .text.LSM6DSR_Init
                0x0800211c      0x118 ./Core/Src/main.o
 .text.LSM6DSR_Init_Pedo_INT2
                0x08002234       0x80 ./Core/Src/main.o
 .text.MAX31331_Init
                0x080022b4      0x1f8 ./Core/Src/main.o
 .text.HAL_GPIO_EXTI_Falling_Callback
                0x080024ac       0x4c ./Core/Src/main.o
                0x080024ac                HAL_GPIO_EXTI_Falling_Callback
 .text.HAL_GPIO_EXTI_Rising_Callback
                0x080024f8       0x7c ./Core/Src/main.o
                0x080024f8                HAL_GPIO_EXTI_Rising_Callback
 .text.HAL_I2C_MemRxCpltCallback
                0x08002574       0x84 ./Core/Src/main.o
                0x08002574                HAL_I2C_MemRxCpltCallback
 .text.platform_write
                0x080025f8       0x58 ./Core/Src/main.o
 .text.platform_read
                0x08002650       0x58 ./Core/Src/main.o
 .text.Error_Handler
                0x080026a8        0xc ./Core/Src/main.o
                0x080026a8                Error_Handler
 .text.max31331_read_reg
                0x080026b4       0x5c ./Core/Src/max31331_reg.o
                0x080026b4                max31331_read_reg
 .text.max31331_write_reg
                0x08002710       0x5c ./Core/Src/max31331_reg.o
                0x08002710                max31331_write_reg
 .text.bin2dec_bcd
                0x0800276c       0x34 ./Core/Src/max31331_reg.o
                0x0800276c                bin2dec_bcd
 .text.dec2bin_bcd
                0x080027a0       0x40 ./Core/Src/max31331_reg.o
                0x080027a0                dec2bin_bcd
 .text.max31331_get_status
                0x080027e0       0x32 ./Core/Src/max31331_reg.o
                0x080027e0                max31331_get_status
 .text.max31331_reset_rtc
                0x08002812       0x60 ./Core/Src/max31331_reg.o
                0x08002812                max31331_reset_rtc
 .text.max31331_set_time
                0x08002872      0x12e ./Core/Src/max31331_reg.o
                0x08002872                max31331_set_time
 .text.max31331_get_time
                0x080029a0      0x190 ./Core/Src/max31331_reg.o
                0x080029a0                max31331_get_time
 .text.max31331_set_date
                0x08002b30      0x10c ./Core/Src/max31331_reg.o
                0x08002b30                max31331_set_date
 .text.max31331_get_date
                0x08002c3c       0xee ./Core/Src/max31331_reg.o
                0x08002c3c                max31331_get_date
 .text.max31331_set_clko
                0x08002d2a       0x74 ./Core/Src/max31331_reg.o
                0x08002d2a                max31331_set_clko
 .text.max31331_set_timer_config
                0x08002d9e       0xb6 ./Core/Src/max31331_reg.o
                0x08002d9e                max31331_set_timer_config
 .text.max31331_set_timer_init
                0x08002e54       0x30 ./Core/Src/max31331_reg.o
                0x08002e54                max31331_set_timer_init
 .text.max31331_set_int_en
                0x08002e84      0x116 ./Core/Src/max31331_reg.o
                0x08002e84                max31331_set_int_en
 .text.max31331_get_int_en
                0x08002f9a       0x2c ./Core/Src/max31331_reg.o
                0x08002f9a                max31331_get_int_en
 *fill*         0x08002fc6        0x2 
 .text.HAL_MspInit
                0x08002fc8       0x48 ./Core/Src/stm32u0xx_hal_msp.o
                0x08002fc8                HAL_MspInit
 .text.HAL_I2C_MspInit
                0x08003010      0x12c ./Core/Src/stm32u0xx_hal_msp.o
                0x08003010                HAL_I2C_MspInit
 .text.HAL_RTC_MspInit
                0x0800313c       0x80 ./Core/Src/stm32u0xx_hal_msp.o
                0x0800313c                HAL_RTC_MspInit
 .text.NMI_Handler
                0x080031bc        0x8 ./Core/Src/stm32u0xx_it.o
                0x080031bc                NMI_Handler
 .text.HardFault_Handler
                0x080031c4        0x8 ./Core/Src/stm32u0xx_it.o
                0x080031c4                HardFault_Handler
 .text.SVC_Handler
                0x080031cc        0xa ./Core/Src/stm32u0xx_it.o
                0x080031cc                SVC_Handler
 .text.PendSV_Handler
                0x080031d6        0xa ./Core/Src/stm32u0xx_it.o
                0x080031d6                PendSV_Handler
 .text.SysTick_Handler
                0x080031e0        0xe ./Core/Src/stm32u0xx_it.o
                0x080031e0                SysTick_Handler
 .text.EXTI0_1_IRQHandler
                0x080031ee       0x10 ./Core/Src/stm32u0xx_it.o
                0x080031ee                EXTI0_1_IRQHandler
 .text.EXTI2_3_IRQHandler
                0x080031fe       0x10 ./Core/Src/stm32u0xx_it.o
                0x080031fe                EXTI2_3_IRQHandler
 *fill*         0x0800320e        0x2 
 .text.DMA1_Channel1_IRQHandler
                0x08003210       0x18 ./Core/Src/stm32u0xx_it.o
                0x08003210                DMA1_Channel1_IRQHandler
 .text.I2C2_3_IRQHandler
                0x08003228       0x30 ./Core/Src/stm32u0xx_it.o
                0x08003228                I2C2_3_IRQHandler
 .text.SystemInit
                0x08003258       0x58 ./Core/Src/system_stm32u0xx.o
                0x08003258                SystemInit
 .text.Reset_Handler
                0x080032b0       0x50 ./Core/Startup/startup_stm32u031c8tx.o
                0x080032b0                Reset_Handler
 .text.Default_Handler
                0x08003300        0x2 ./Core/Startup/startup_stm32u031c8tx.o
                0x08003300                WWDG_IWDG_IRQHandler
                0x08003300                TIM1_CC_IRQHandler
                0x08003300                TSC_IRQHandler
                0x08003300                ADC_COMP1_IRQHandler
                0x08003300                I2C1_IRQHandler
                0x08003300                TIM7_LPTIM2_IRQHandler
                0x08003300                RCC_CRS_IRQHandler
                0x08003300                RTC_TAMP_IRQHandler
                0x08003300                DMA1_Ch4_7_DMAMUX_OVR_IRQHandler
                0x08003300                SPI1_IRQHandler
                0x08003300                USART2_LPUART2_IRQHandler
                0x08003300                USART4_IRQHandler
                0x08003300                TIM16_IRQHandler
                0x08003300                TIM3_IRQHandler
                0x08003300                EXTI4_15_IRQHandler
                0x08003300                Default_Handler
                0x08003300                TIM15_IRQHandler
                0x08003300                PVD_PVM_IRQHandler
                0x08003300                SPI2_IRQHandler
                0x08003300                RNG_IRQHandler
                0x08003300                TIM6_DAC_LPTIM1_IRQHandler
                0x08003300                TIM2_IRQHandler
                0x08003300                DMA1_Channel2_3_IRQHandler
                0x08003300                FLASH_ECC_IRQHandler
                0x08003300                USART3_LPUART1_IRQHandler
                0x08003300                USART1_IRQHandler
                0x08003300                TIM1_BRK_UP_TRG_COM_IRQHandler
 .text.HAL_Init
                0x08003302       0x2e ./Drivers/STM32U0xx_HAL_Driver/Src/stm32u0xx_hal.o
                0x08003302                HAL_Init
 .text.HAL_InitTick
                0x08003330       0x94 ./Drivers/STM32U0xx_HAL_Driver/Src/stm32u0xx_hal.o
                0x08003330                HAL_InitTick
 .text.HAL_IncTick
                0x080033c4       0x20 ./Drivers/STM32U0xx_HAL_Driver/Src/stm32u0xx_hal.o
                0x080033c4                HAL_IncTick
 .text.HAL_GetTick
                0x080033e4       0x14 ./Drivers/STM32U0xx_HAL_Driver/Src/stm32u0xx_hal.o
                0x080033e4                HAL_GetTick
 .text.HAL_Delay
                0x080033f8       0x44 ./Drivers/STM32U0xx_HAL_Driver/Src/stm32u0xx_hal.o
                0x080033f8                HAL_Delay
 .text.__NVIC_EnableIRQ
                0x0800343c       0x34 ./Drivers/STM32U0xx_HAL_Driver/Src/stm32u0xx_hal_cortex.o
 .text.__NVIC_SetPriority
                0x08003470       0xdc ./Drivers/STM32U0xx_HAL_Driver/Src/stm32u0xx_hal_cortex.o
 .text.SysTick_Config
                0x0800354c       0x48 ./Drivers/STM32U0xx_HAL_Driver/Src/stm32u0xx_hal_cortex.o
 .text.HAL_NVIC_SetPriority
                0x08003594       0x2a ./Drivers/STM32U0xx_HAL_Driver/Src/stm32u0xx_hal_cortex.o
                0x08003594                HAL_NVIC_SetPriority
 .text.HAL_NVIC_EnableIRQ
                0x080035be       0x20 ./Drivers/STM32U0xx_HAL_Driver/Src/stm32u0xx_hal_cortex.o
                0x080035be                HAL_NVIC_EnableIRQ
 .text.HAL_SYSTICK_Config
                0x080035de       0x1a ./Drivers/STM32U0xx_HAL_Driver/Src/stm32u0xx_hal_cortex.o
                0x080035de                HAL_SYSTICK_Config
 .text.HAL_DMA_Init
                0x080035f8      0x114 ./Drivers/STM32U0xx_HAL_Driver/Src/stm32u0xx_hal_dma.o
                0x080035f8                HAL_DMA_Init
 .text.HAL_DMA_Start_IT
                0x0800370c      0x10c ./Drivers/STM32U0xx_HAL_Driver/Src/stm32u0xx_hal_dma.o
                0x0800370c                HAL_DMA_Start_IT
 .text.HAL_DMA_Abort_IT
                0x08003818       0xd4 ./Drivers/STM32U0xx_HAL_Driver/Src/stm32u0xx_hal_dma.o
                0x08003818                HAL_DMA_Abort_IT
 .text.HAL_DMA_IRQHandler
                0x080038ec      0x164 ./Drivers/STM32U0xx_HAL_Driver/Src/stm32u0xx_hal_dma.o
                0x080038ec                HAL_DMA_IRQHandler
 .text.HAL_DMA_GetState
                0x08003a50       0x18 ./Drivers/STM32U0xx_HAL_Driver/Src/stm32u0xx_hal_dma.o
                0x08003a50                HAL_DMA_GetState
 .text.DMA_SetConfig
                0x08003a68       0x80 ./Drivers/STM32U0xx_HAL_Driver/Src/stm32u0xx_hal_dma.o
 .text.DMA_CalcDMAMUXChannelBaseAndMask
                0x08003ae8       0x58 ./Drivers/STM32U0xx_HAL_Driver/Src/stm32u0xx_hal_dma.o
 .text.DMA_CalcDMAMUXRequestGenBaseAndMask
                0x08003b40       0x48 ./Drivers/STM32U0xx_HAL_Driver/Src/stm32u0xx_hal_dma.o
 .text.HAL_GPIO_Init
                0x08003b88      0x2d8 ./Drivers/STM32U0xx_HAL_Driver/Src/stm32u0xx_hal_gpio.o
                0x08003b88                HAL_GPIO_Init
 .text.HAL_GPIO_DeInit
                0x08003e60      0x1b0 ./Drivers/STM32U0xx_HAL_Driver/Src/stm32u0xx_hal_gpio.o
                0x08003e60                HAL_GPIO_DeInit
 .text.HAL_GPIO_WritePin
                0x08004010       0x3a ./Drivers/STM32U0xx_HAL_Driver/Src/stm32u0xx_hal_gpio.o
                0x08004010                HAL_GPIO_WritePin
 *fill*         0x0800404a        0x2 
 .text.HAL_GPIO_EXTI_IRQHandler
                0x0800404c       0x54 ./Drivers/STM32U0xx_HAL_Driver/Src/stm32u0xx_hal_gpio.o
                0x0800404c                HAL_GPIO_EXTI_IRQHandler
 .text.HAL_I2C_Init
                0x080040a0      0x14c ./Drivers/STM32U0xx_HAL_Driver/Src/stm32u0xx_hal_i2c.o
                0x080040a0                HAL_I2C_Init
 .text.HAL_I2C_Mem_Write
                0x080041ec      0x25c ./Drivers/STM32U0xx_HAL_Driver/Src/stm32u0xx_hal_i2c.o
                0x080041ec                HAL_I2C_Mem_Write
 .text.HAL_I2C_Mem_Read
                0x08004448      0x268 ./Drivers/STM32U0xx_HAL_Driver/Src/stm32u0xx_hal_i2c.o
                0x08004448                HAL_I2C_Mem_Read
 .text.HAL_I2C_Mem_Read_DMA
                0x080046b0      0x200 ./Drivers/STM32U0xx_HAL_Driver/Src/stm32u0xx_hal_i2c.o
                0x080046b0                HAL_I2C_Mem_Read_DMA
 .text.HAL_I2C_EV_IRQHandler
                0x080048b0       0x34 ./Drivers/STM32U0xx_HAL_Driver/Src/stm32u0xx_hal_i2c.o
                0x080048b0                HAL_I2C_EV_IRQHandler
 .text.HAL_I2C_ER_IRQHandler
                0x080048e4       0xb2 ./Drivers/STM32U0xx_HAL_Driver/Src/stm32u0xx_hal_i2c.o
                0x080048e4                HAL_I2C_ER_IRQHandler
 .text.HAL_I2C_MasterTxCpltCallback
                0x08004996       0x10 ./Drivers/STM32U0xx_HAL_Driver/Src/stm32u0xx_hal_i2c.o
                0x08004996                HAL_I2C_MasterTxCpltCallback
 .text.HAL_I2C_MasterRxCpltCallback
                0x080049a6       0x10 ./Drivers/STM32U0xx_HAL_Driver/Src/stm32u0xx_hal_i2c.o
                0x080049a6                HAL_I2C_MasterRxCpltCallback
 .text.HAL_I2C_SlaveTxCpltCallback
                0x080049b6       0x10 ./Drivers/STM32U0xx_HAL_Driver/Src/stm32u0xx_hal_i2c.o
                0x080049b6                HAL_I2C_SlaveTxCpltCallback
 .text.HAL_I2C_SlaveRxCpltCallback
                0x080049c6       0x10 ./Drivers/STM32U0xx_HAL_Driver/Src/stm32u0xx_hal_i2c.o
                0x080049c6                HAL_I2C_SlaveRxCpltCallback
 .text.HAL_I2C_AddrCallback
                0x080049d6       0x20 ./Drivers/STM32U0xx_HAL_Driver/Src/stm32u0xx_hal_i2c.o
                0x080049d6                HAL_I2C_AddrCallback
 .text.HAL_I2C_ListenCpltCallback
                0x080049f6       0x10 ./Drivers/STM32U0xx_HAL_Driver/Src/stm32u0xx_hal_i2c.o
                0x080049f6                HAL_I2C_ListenCpltCallback
 .text.HAL_I2C_MemTxCpltCallback
                0x08004a06       0x10 ./Drivers/STM32U0xx_HAL_Driver/Src/stm32u0xx_hal_i2c.o
                0x08004a06                HAL_I2C_MemTxCpltCallback
 .text.HAL_I2C_ErrorCallback
                0x08004a16       0x10 ./Drivers/STM32U0xx_HAL_Driver/Src/stm32u0xx_hal_i2c.o
                0x08004a16                HAL_I2C_ErrorCallback
 .text.HAL_I2C_AbortCpltCallback
                0x08004a26       0x10 ./Drivers/STM32U0xx_HAL_Driver/Src/stm32u0xx_hal_i2c.o
                0x08004a26                HAL_I2C_AbortCpltCallback
 *fill*         0x08004a36        0x2 
 .text.I2C_Slave_ISR_IT
                0x08004a38      0x200 ./Drivers/STM32U0xx_HAL_Driver/Src/stm32u0xx_hal_i2c.o
 .text.I2C_Master_ISR_DMA
                0x08004c38      0x1f8 ./Drivers/STM32U0xx_HAL_Driver/Src/stm32u0xx_hal_i2c.o
 .text.I2C_Mem_ISR_DMA
                0x08004e30      0x258 ./Drivers/STM32U0xx_HAL_Driver/Src/stm32u0xx_hal_i2c.o
 .text.I2C_Slave_ISR_DMA
                0x08005088      0x1d0 ./Drivers/STM32U0xx_HAL_Driver/Src/stm32u0xx_hal_i2c.o
 .text.I2C_RequestMemoryWrite
                0x08005258       0xc8 ./Drivers/STM32U0xx_HAL_Driver/Src/stm32u0xx_hal_i2c.o
 .text.I2C_RequestMemoryRead
                0x08005320       0xc4 ./Drivers/STM32U0xx_HAL_Driver/Src/stm32u0xx_hal_i2c.o
 .text.I2C_ITAddrCplt
                0x080053e4      0x148 ./Drivers/STM32U0xx_HAL_Driver/Src/stm32u0xx_hal_i2c.o
 .text.I2C_ITMasterSeqCplt
                0x0800552c       0x82 ./Drivers/STM32U0xx_HAL_Driver/Src/stm32u0xx_hal_i2c.o
 *fill*         0x080055ae        0x2 
 .text.I2C_ITSlaveSeqCplt
                0x080055b0       0xc8 ./Drivers/STM32U0xx_HAL_Driver/Src/stm32u0xx_hal_i2c.o
 .text.I2C_ITMasterCplt
                0x08005678      0x19c ./Drivers/STM32U0xx_HAL_Driver/Src/stm32u0xx_hal_i2c.o
 .text.I2C_ITSlaveCplt
                0x08005814      0x310 ./Drivers/STM32U0xx_HAL_Driver/Src/stm32u0xx_hal_i2c.o
 .text.I2C_ITListenCplt
                0x08005b24       0xb0 ./Drivers/STM32U0xx_HAL_Driver/Src/stm32u0xx_hal_i2c.o
 .text.I2C_ITError
                0x08005bd4      0x204 ./Drivers/STM32U0xx_HAL_Driver/Src/stm32u0xx_hal_i2c.o
 .text.I2C_TreatErrorCallback
                0x08005dd8       0x52 ./Drivers/STM32U0xx_HAL_Driver/Src/stm32u0xx_hal_i2c.o
 .text.I2C_Flush_TXDR
                0x08005e2a       0x44 ./Drivers/STM32U0xx_HAL_Driver/Src/stm32u0xx_hal_i2c.o
 *fill*         0x08005e6e        0x2 
 .text.I2C_DMAMasterReceiveCplt
                0x08005e70       0xa0 ./Drivers/STM32U0xx_HAL_Driver/Src/stm32u0xx_hal_i2c.o
 .text.I2C_DMAError
                0x08005f10       0x32 ./Drivers/STM32U0xx_HAL_Driver/Src/stm32u0xx_hal_i2c.o
 .text.I2C_DMAAbort
                0x08005f42       0x3e ./Drivers/STM32U0xx_HAL_Driver/Src/stm32u0xx_hal_i2c.o
 .text.I2C_WaitOnFlagUntilTimeout
                0x08005f80       0xb0 ./Drivers/STM32U0xx_HAL_Driver/Src/stm32u0xx_hal_i2c.o
 .text.I2C_WaitOnTXISFlagUntilTimeout
                0x08006030       0x8c ./Drivers/STM32U0xx_HAL_Driver/Src/stm32u0xx_hal_i2c.o
 .text.I2C_WaitOnSTOPFlagUntilTimeout
                0x080060bc       0x86 ./Drivers/STM32U0xx_HAL_Driver/Src/stm32u0xx_hal_i2c.o
 *fill*         0x08006142        0x2 
 .text.I2C_IsErrorOccurred
                0x08006144      0x1f0 ./Drivers/STM32U0xx_HAL_Driver/Src/stm32u0xx_hal_i2c.o
 .text.I2C_TransferConfig
                0x08006334       0x74 ./Drivers/STM32U0xx_HAL_Driver/Src/stm32u0xx_hal_i2c.o
 .text.I2C_Enable_IRQ
                0x080063a8      0x114 ./Drivers/STM32U0xx_HAL_Driver/Src/stm32u0xx_hal_i2c.o
 .text.I2C_Disable_IRQ
                0x080064bc       0xc6 ./Drivers/STM32U0xx_HAL_Driver/Src/stm32u0xx_hal_i2c.o
 *fill*         0x08006582        0x2 
 .text.HAL_I2CEx_ConfigAnalogFilter
                0x08006584       0x98 ./Drivers/STM32U0xx_HAL_Driver/Src/stm32u0xx_hal_i2c_ex.o
                0x08006584                HAL_I2CEx_ConfigAnalogFilter
 .text.HAL_I2CEx_ConfigDigitalFilter
                0x0800661c       0x98 ./Drivers/STM32U0xx_HAL_Driver/Src/stm32u0xx_hal_i2c_ex.o
                0x0800661c                HAL_I2CEx_ConfigDigitalFilter
 .text.HAL_PWREx_ControlVoltageScaling
                0x080066b4       0xc0 ./Drivers/STM32U0xx_HAL_Driver/Src/stm32u0xx_hal_pwr_ex.o
                0x080066b4                HAL_PWREx_ControlVoltageScaling
 .text.HAL_PWREx_GetVoltageRange
                0x08006774       0x18 ./Drivers/STM32U0xx_HAL_Driver/Src/stm32u0xx_hal_pwr_ex.o
                0x08006774                HAL_PWREx_GetVoltageRange
 .text.HAL_RCC_OscConfig
                0x0800678c      0x7cc ./Drivers/STM32U0xx_HAL_Driver/Src/stm32u0xx_hal_rcc.o
                0x0800678c                HAL_RCC_OscConfig
 .text.HAL_RCC_ClockConfig
                0x08006f58      0x1d8 ./Drivers/STM32U0xx_HAL_Driver/Src/stm32u0xx_hal_rcc.o
                0x08006f58                HAL_RCC_ClockConfig
 .text.HAL_RCC_MCOConfig
                0x08007130       0xc8 ./Drivers/STM32U0xx_HAL_Driver/Src/stm32u0xx_hal_rcc.o
                0x08007130                HAL_RCC_MCOConfig
 .text.HAL_RCC_GetSysClockFreq
                0x080071f8      0x134 ./Drivers/STM32U0xx_HAL_Driver/Src/stm32u0xx_hal_rcc.o
                0x080071f8                HAL_RCC_GetSysClockFreq
 .text.RCC_SetFlashLatencyFromMSIRange
                0x0800732c       0xd8 ./Drivers/STM32U0xx_HAL_Driver/Src/stm32u0xx_hal_rcc.o
 .text.HAL_RCCEx_PeriphCLKConfig
                0x08007404      0x3c8 ./Drivers/STM32U0xx_HAL_Driver/Src/stm32u0xx_hal_rcc_ex.o
                0x08007404                HAL_RCCEx_PeriphCLKConfig
 .text.HAL_RTC_Init
                0x080077cc      0x14c ./Drivers/STM32U0xx_HAL_Driver/Src/stm32u0xx_hal_rtc.o
                0x080077cc                HAL_RTC_Init
 .text.HAL_RTC_SetTime
                0x08007918      0x180 ./Drivers/STM32U0xx_HAL_Driver/Src/stm32u0xx_hal_rtc.o
                0x08007918                HAL_RTC_SetTime
 .text.HAL_RTC_SetDate
                0x08007a98      0x14c ./Drivers/STM32U0xx_HAL_Driver/Src/stm32u0xx_hal_rtc.o
                0x08007a98                HAL_RTC_SetDate
 .text.HAL_RTC_WaitForSynchro
                0x08007be4       0x4c ./Drivers/STM32U0xx_HAL_Driver/Src/stm32u0xx_hal_rtc.o
                0x08007be4                HAL_RTC_WaitForSynchro
 .text.RTC_EnterInitMode
                0x08007c30       0x58 ./Drivers/STM32U0xx_HAL_Driver/Src/stm32u0xx_hal_rtc.o
                0x08007c30                RTC_EnterInitMode
 .text.RTC_ByteToBcd2
                0x08007c88       0x50 ./Drivers/STM32U0xx_HAL_Driver/Src/stm32u0xx_hal_rtc.o
                0x08007c88                RTC_ByteToBcd2
 .text.memset   0x08007cd8       0x10 C:/ST/STM32CubeIDE_1.17.0/STM32CubeIDE/plugins/com.st.stm32cube.ide.mcu.externaltools.gnu-tools-for-stm32.12.3.rel1.win32_1.1.0.202410251130/tools/bin/../lib/gcc/arm-none-eabi/12.3.1/../../../../arm-none-eabi/lib/thumb/v6-m/nofp\libc_nano.a(libc_a-memset.o)
                0x08007cd8                memset
 .text.__libc_init_array
                0x08007ce8       0x48 C:/ST/STM32CubeIDE_1.17.0/STM32CubeIDE/plugins/com.st.stm32cube.ide.mcu.externaltools.gnu-tools-for-stm32.12.3.rel1.win32_1.1.0.202410251130/tools/bin/../lib/gcc/arm-none-eabi/12.3.1/../../../../arm-none-eabi/lib/thumb/v6-m/nofp\libc_nano.a(libc_a-init.o)
                0x08007ce8                __libc_init_array
 *(.glue_7)
 .glue_7        0x08007d30        0x0 linker stubs
 *(.glue_7t)
 .glue_7t       0x08007d30        0x0 linker stubs
 *(.eh_frame)
 .eh_frame      0x08007d30        0x0 C:/ST/STM32CubeIDE_1.17.0/STM32CubeIDE/plugins/com.st.stm32cube.ide.mcu.externaltools.gnu-tools-for-stm32.12.3.rel1.win32_1.1.0.202410251130/tools/bin/../lib/gcc/arm-none-eabi/12.3.1/thumb/v6-m/nofp/crtbegin.o
 *(.init)
 .init          0x08007d30        0x4 C:/ST/STM32CubeIDE_1.17.0/STM32CubeIDE/plugins/com.st.stm32cube.ide.mcu.externaltools.gnu-tools-for-stm32.12.3.rel1.win32_1.1.0.202410251130/tools/bin/../lib/gcc/arm-none-eabi/12.3.1/thumb/v6-m/nofp/crti.o
                0x08007d30                _init
 .init          0x08007d34        0x8 C:/ST/STM32CubeIDE_1.17.0/STM32CubeIDE/plugins/com.st.stm32cube.ide.mcu.externaltools.gnu-tools-for-stm32.12.3.rel1.win32_1.1.0.202410251130/tools/bin/../lib/gcc/arm-none-eabi/12.3.1/thumb/v6-m/nofp/crtn.o
 *(.fini)
 .fini          0x08007d3c        0x4 C:/ST/STM32CubeIDE_1.17.0/STM32CubeIDE/plugins/com.st.stm32cube.ide.mcu.externaltools.gnu-tools-for-stm32.12.3.rel1.win32_1.1.0.202410251130/tools/bin/../lib/gcc/arm-none-eabi/12.3.1/thumb/v6-m/nofp/crti.o
                0x08007d3c                _fini
 .fini          0x08007d40        0x8 C:/ST/STM32CubeIDE_1.17.0/STM32CubeIDE/plugins/com.st.stm32cube.ide.mcu.externaltools.gnu-tools-for-stm32.12.3.rel1.win32_1.1.0.202410251130/tools/bin/../lib/gcc/arm-none-eabi/12.3.1/thumb/v6-m/nofp/crtn.o
                0x08007d48                        . = ALIGN (0x4)
                0x08007d48                        _etext = .

.vfp11_veneer   0x08007d48        0x0
 .vfp11_veneer  0x08007d48        0x0 linker stubs

.v4_bx          0x08007d48        0x0
 .v4_bx         0x08007d48        0x0 linker stubs

.iplt           0x08007d48        0x0
 .iplt          0x08007d48        0x0 C:/ST/STM32CubeIDE_1.17.0/STM32CubeIDE/plugins/com.st.stm32cube.ide.mcu.externaltools.gnu-tools-for-stm32.12.3.rel1.win32_1.1.0.202410251130/tools/bin/../lib/gcc/arm-none-eabi/12.3.1/thumb/v6-m/nofp/crtbegin.o

.rodata         0x08007d48       0x44
                0x08007d48                        . = ALIGN (0x4)
 *(.rodata)
 .rodata        0x08007d48        0x3 ./Core/Src/max31331_reg.o
 *(.rodata*)
 *fill*         0x08007d4b        0x1 
 .rodata.AHBPrescTable
                0x08007d4c       0x10 ./Core/Src/system_stm32u0xx.o
                0x08007d4c                AHBPrescTable
 .rodata.MSIRangeTable
                0x08007d5c       0x30 ./Core/Src/system_stm32u0xx.o
                0x08007d5c                MSIRangeTable
                0x08007d8c                        . = ALIGN (0x4)

.ARM.extab      0x08007d8c        0x0
                0x08007d8c                        . = ALIGN (0x4)
 *(.ARM.extab* .gnu.linkonce.armextab.*)
                0x08007d8c                        . = ALIGN (0x4)

.ARM            0x08007d8c        0x0
                0x08007d8c                        . = ALIGN (0x4)
                0x08007d8c                        __exidx_start = .
 *(.ARM.exidx*)
                0x08007d8c                        __exidx_end = .
                0x08007d8c                        . = ALIGN (0x4)

.preinit_array  0x08007d8c        0x0
                0x08007d8c                        . = ALIGN (0x4)
                0x08007d8c                        PROVIDE (__preinit_array_start = .)
 *(.preinit_array*)
                0x08007d8c                        PROVIDE (__preinit_array_end = .)
                0x08007d8c                        . = ALIGN (0x4)

.init_array     0x08007d8c        0x4
                0x08007d8c                        . = ALIGN (0x4)
                0x08007d8c                        PROVIDE (__init_array_start = .)
 *(SORT_BY_NAME(.init_array.*))
 *(.init_array*)
 .init_array    0x08007d8c        0x4 C:/ST/STM32CubeIDE_1.17.0/STM32CubeIDE/plugins/com.st.stm32cube.ide.mcu.externaltools.gnu-tools-for-stm32.12.3.rel1.win32_1.1.0.202410251130/tools/bin/../lib/gcc/arm-none-eabi/12.3.1/thumb/v6-m/nofp/crtbegin.o
                0x08007d90                        PROVIDE (__init_array_end = .)
                0x08007d90                        . = ALIGN (0x4)

.fini_array     0x08007d90        0x4
                0x08007d90                        . = ALIGN (0x4)
                [!provide]                        PROVIDE (__fini_array_start = .)
 *(SORT_BY_NAME(.fini_array.*))
 *(.fini_array*)
 .fini_array    0x08007d90        0x4 C:/ST/STM32CubeIDE_1.17.0/STM32CubeIDE/plugins/com.st.stm32cube.ide.mcu.externaltools.gnu-tools-for-stm32.12.3.rel1.win32_1.1.0.202410251130/tools/bin/../lib/gcc/arm-none-eabi/12.3.1/thumb/v6-m/nofp/crtbegin.o
                [!provide]                        PROVIDE (__fini_array_end = .)
                0x08007d94                        . = ALIGN (0x4)
                0x08007d94                        _sidata = LOADADDR (.data)

.rel.dyn        0x08007d94        0x0
 .rel.iplt      0x08007d94        0x0 C:/ST/STM32CubeIDE_1.17.0/STM32CubeIDE/plugins/com.st.stm32cube.ide.mcu.externaltools.gnu-tools-for-stm32.12.3.rel1.win32_1.1.0.202410251130/tools/bin/../lib/gcc/arm-none-eabi/12.3.1/thumb/v6-m/nofp/crtbegin.o

.data           0x20000000       0x20 load address 0x08007d94
                0x20000000                        . = ALIGN (0x4)
                0x20000000                        _sdata = .
 *(.data)
 *(.data*)
 .data.g_imu_bus
                0x20000000        0x8 ./Core/Src/main.o
 .data.g_rtc_bus
                0x20000008        0x8 ./Core/Src/main.o
 .data.job      0x20000010        0x4 ./Core/Src/main.o
                0x20000010                job
 .data.SystemCoreClock
                0x20000014        0x4 ./Core/Src/system_stm32u0xx.o
                0x20000014                SystemCoreClock
 .data.uwTickPrio
                0x20000018        0x4 ./Drivers/STM32U0xx_HAL_Driver/Src/stm32u0xx_hal.o
                0x20000018                uwTickPrio
 .data.uwTickFreq
                0x2000001c        0x4 ./Drivers/STM32U0xx_HAL_Driver/Src/stm32u0xx_hal.o
                0x2000001c                uwTickFreq
 *(.RamFunc)
 *(.RamFunc*)
                0x20000020                        . = ALIGN (0x4)
                0x20000020                        _edata = .

.igot.plt       0x20000020        0x0 load address 0x08007db4
 .igot.plt      0x20000020        0x0 C:/ST/STM32CubeIDE_1.17.0/STM32CubeIDE/plugins/com.st.stm32cube.ide.mcu.externaltools.gnu-tools-for-stm32.12.3.rel1.win32_1.1.0.202410251130/tools/bin/../lib/gcc/arm-none-eabi/12.3.1/thumb/v6-m/nofp/crtbegin.o
                0x20000020                        . = ALIGN (0x4)

.bss            0x20000020      0x1a0 load address 0x08007db4
                0x20000020                        _sbss = .
                0x20000020                        __bss_start__ = _sbss
 *(.bss)
 .bss           0x20000020       0x1c C:/ST/STM32CubeIDE_1.17.0/STM32CubeIDE/plugins/com.st.stm32cube.ide.mcu.externaltools.gnu-tools-for-stm32.12.3.rel1.win32_1.1.0.202410251130/tools/bin/../lib/gcc/arm-none-eabi/12.3.1/thumb/v6-m/nofp/crtbegin.o
 *(.bss*)
 .bss.hi2c3     0x2000003c       0x54 ./Core/Src/main.o
                0x2000003c                hi2c3
 .bss.hdma_i2c3_rx
                0x20000090       0x5c ./Core/Src/main.o
                0x20000090                hdma_i2c3_rx
 .bss.hrtc      0x200000ec       0x30 ./Core/Src/main.o
                0x200000ec                hrtc
 .bss.s_lsm_ctx
                0x2000011c       0x14 ./Core/Src/main.o
 .bss.s_max_ctx
                0x20000130       0x14 ./Core/Src/main.o
 .bss.jobQueue  0x20000144       0x4c ./Core/Src/main.o
                0x20000144                jobQueue
 .bss.tapsInQueue
                0x20000190        0x1 ./Core/Src/main.o
                0x20000190                tapsInQueue
 .bss.stepsInQueue
                0x20000191        0x1 ./Core/Src/main.o
                0x20000191                stepsInQueue
 .bss.timeInQueue
                0x20000192        0x1 ./Core/Src/main.o
                0x20000192                timeInQueue
 .bss.DMArunning
                0x20000193        0x1 ./Core/Src/main.o
                0x20000193                DMArunning
 .bss.TickDMAflag
                0x20000194        0x1 ./Core/Src/main.o
                0x20000194                TickDMAflag
 .bss.TickRXcomp
                0x20000195        0x1 ./Core/Src/main.o
                0x20000195                TickRXcomp
 .bss.TapDMAflag
                0x20000196        0x1 ./Core/Src/main.o
                0x20000196                TapDMAflag
 .bss.TapRXcomp
                0x20000197        0x1 ./Core/Src/main.o
                0x20000197                TapRXcomp
 .bss.StepDMAflag
                0x20000198        0x1 ./Core/Src/main.o
                0x20000198                StepDMAflag
 .bss.StepRXcomp
                0x20000199        0x1 ./Core/Src/main.o
                0x20000199                StepRXcomp
 *fill*         0x2000019a        0x2 
 .bss.s_step_rx_buf
                0x2000019c        0x2 ./Core/Src/main.o
                0x2000019c                s_step_rx_buf
 *fill*         0x2000019e        0x2 
 .bss.s_tap_rx_buf
                0x200001a0        0x1 ./Core/Src/main.o
                0x200001a0                s_tap_rx_buf
 *fill*         0x200001a1        0x1 
 .bss.g_step_count
                0x200001a2        0x2 ./Core/Src/main.o
                0x200001a2                g_step_count
 .bss.g_num_taps
                0x200001a4        0x2 ./Core/Src/main.o
                0x200001a4                g_num_taps
 *fill*         0x200001a6        0x2 
 .bss.s_rtc_rx_buf
                0x200001a8        0x8 ./Core/Src/main.o
                0x200001a8                s_rtc_rx_buf
 .bss.g_RTC_time
                0x200001b0        0x8 ./Core/Src/main.o
                0x200001b0                g_RTC_time
 .bss.inStopMode
                0x200001b8        0x1 ./Core/Src/main.o
                0x200001b8                inStopMode
 .bss.inSleepMode
                0x200001b9        0x1 ./Core/Src/main.o
                0x200001b9                inSleepMode
 *fill*         0x200001ba        0x2 
 .bss.uwTick    0x200001bc        0x4 ./Drivers/STM32U0xx_HAL_Driver/Src/stm32u0xx_hal.o
                0x200001bc                uwTick
 *(COMMON)
                0x200001c0                        . = ALIGN (0x4)
                0x200001c0                        _ebss = .
                0x200001c0                        __bss_end__ = _ebss

._user_heap_stack
                0x200001c0      0x600 load address 0x08007db4
                0x200001c0                        . = ALIGN (0x8)
                [!provide]                        PROVIDE (end = .)
                0x200001c0                        PROVIDE (_end = .)
                0x200003c0                        . = (. + _Min_Heap_Size)
 *fill*         0x200001c0      0x200 
                0x200007c0                        . = (. + _Min_Stack_Size)
 *fill*         0x200003c0      0x400 
                0x200007c0                        . = ALIGN (0x8)

/DISCARD/
 libc.a(*)
 libm.a(*)
 libgcc.a(*)

.ARM.attributes
                0x00000000       0x28
 *(.ARM.attributes)
 .ARM.attributes
                0x00000000       0x1e C:/ST/STM32CubeIDE_1.17.0/STM32CubeIDE/plugins/com.st.stm32cube.ide.mcu.externaltools.gnu-tools-for-stm32.12.3.rel1.win32_1.1.0.202410251130/tools/bin/../lib/gcc/arm-none-eabi/12.3.1/thumb/v6-m/nofp/crti.o
 .ARM.attributes
                0x0000001e       0x2c C:/ST/STM32CubeIDE_1.17.0/STM32CubeIDE/plugins/com.st.stm32cube.ide.mcu.externaltools.gnu-tools-for-stm32.12.3.rel1.win32_1.1.0.202410251130/tools/bin/../lib/gcc/arm-none-eabi/12.3.1/thumb/v6-m/nofp/crtbegin.o
 .ARM.attributes
                0x0000004a       0x2c ./Core/Src/lsm6dsr_reg.o
 .ARM.attributes
                0x00000076       0x2c ./Core/Src/main.o
 .ARM.attributes
                0x000000a2       0x2c ./Core/Src/max31331_reg.o
 .ARM.attributes
                0x000000ce       0x2c ./Core/Src/stm32u0xx_hal_msp.o
 .ARM.attributes
                0x000000fa       0x2c ./Core/Src/stm32u0xx_it.o
 .ARM.attributes
                0x00000126       0x2c ./Core/Src/system_stm32u0xx.o
 .ARM.attributes
                0x00000152       0x22 ./Core/Startup/startup_stm32u031c8tx.o
 .ARM.attributes
                0x00000174       0x2c ./Drivers/STM32U0xx_HAL_Driver/Src/stm32u0xx_hal.o
 .ARM.attributes
                0x000001a0       0x2c ./Drivers/STM32U0xx_HAL_Driver/Src/stm32u0xx_hal_cortex.o
 .ARM.attributes
                0x000001cc       0x2c ./Drivers/STM32U0xx_HAL_Driver/Src/stm32u0xx_hal_dma.o
 .ARM.attributes
                0x000001f8       0x2c ./Drivers/STM32U0xx_HAL_Driver/Src/stm32u0xx_hal_gpio.o
 .ARM.attributes
                0x00000224       0x2c ./Drivers/STM32U0xx_HAL_Driver/Src/stm32u0xx_hal_i2c.o
 .ARM.attributes
                0x00000250       0x2c ./Drivers/STM32U0xx_HAL_Driver/Src/stm32u0xx_hal_i2c_ex.o
 .ARM.attributes
                0x0000027c       0x2c ./Drivers/STM32U0xx_HAL_Driver/Src/stm32u0xx_hal_pwr_ex.o
 .ARM.attributes
                0x000002a8       0x2c ./Drivers/STM32U0xx_HAL_Driver/Src/stm32u0xx_hal_rcc.o
 .ARM.attributes
                0x000002d4       0x2c ./Drivers/STM32U0xx_HAL_Driver/Src/stm32u0xx_hal_rcc_ex.o
 .ARM.attributes
                0x00000300       0x2c ./Drivers/STM32U0xx_HAL_Driver/Src/stm32u0xx_hal_rtc.o
 .ARM.attributes
                0x0000032c       0x2c C:/ST/STM32CubeIDE_1.17.0/STM32CubeIDE/plugins/com.st.stm32cube.ide.mcu.externaltools.gnu-tools-for-stm32.12.3.rel1.win32_1.1.0.202410251130/tools/bin/../lib/gcc/arm-none-eabi/12.3.1/../../../../arm-none-eabi/lib/thumb/v6-m/nofp\libc_nano.a(libc_a-memset.o)
 .ARM.attributes
                0x00000358       0x2c C:/ST/STM32CubeIDE_1.17.0/STM32CubeIDE/plugins/com.st.stm32cube.ide.mcu.externaltools.gnu-tools-for-stm32.12.3.rel1.win32_1.1.0.202410251130/tools/bin/../lib/gcc/arm-none-eabi/12.3.1/../../../../arm-none-eabi/lib/thumb/v6-m/nofp\libc_nano.a(libc_a-init.o)
 .ARM.attributes
                0x00000384       0x1e C:/ST/STM32CubeIDE_1.17.0/STM32CubeIDE/plugins/com.st.stm32cube.ide.mcu.externaltools.gnu-tools-for-stm32.12.3.rel1.win32_1.1.0.202410251130/tools/bin/../lib/gcc/arm-none-eabi/12.3.1/thumb/v6-m/nofp\libgcc.a(_udivsi3.o)
 .ARM.attributes
                0x000003a2       0x1e C:/ST/STM32CubeIDE_1.17.0/STM32CubeIDE/plugins/com.st.stm32cube.ide.mcu.externaltools.gnu-tools-for-stm32.12.3.rel1.win32_1.1.0.202410251130/tools/bin/../lib/gcc/arm-none-eabi/12.3.1/thumb/v6-m/nofp\libgcc.a(_dvmd_tls.o)
 .ARM.attributes
                0x000003c0       0x1e C:/ST/STM32CubeIDE_1.17.0/STM32CubeIDE/plugins/com.st.stm32cube.ide.mcu.externaltools.gnu-tools-for-stm32.12.3.rel1.win32_1.1.0.202410251130/tools/bin/../lib/gcc/arm-none-eabi/12.3.1/thumb/v6-m/nofp/crtn.o
OUTPUT(MIP-STM32.elf elf32-littlearm)
LOAD linker stubs
LOAD C:/ST/STM32CubeIDE_1.17.0/STM32CubeIDE/plugins/com.st.stm32cube.ide.mcu.externaltools.gnu-tools-for-stm32.12.3.rel1.win32_1.1.0.202410251130/tools/bin/../lib/gcc/arm-none-eabi/12.3.1/../../../../arm-none-eabi/lib/thumb/v6-m/nofp\libc.a
LOAD C:/ST/STM32CubeIDE_1.17.0/STM32CubeIDE/plugins/com.st.stm32cube.ide.mcu.externaltools.gnu-tools-for-stm32.12.3.rel1.win32_1.1.0.202410251130/tools/bin/../lib/gcc/arm-none-eabi/12.3.1/../../../../arm-none-eabi/lib/thumb/v6-m/nofp\libm.a
LOAD C:/ST/STM32CubeIDE_1.17.0/STM32CubeIDE/plugins/com.st.stm32cube.ide.mcu.externaltools.gnu-tools-for-stm32.12.3.rel1.win32_1.1.0.202410251130/tools/bin/../lib/gcc/arm-none-eabi/12.3.1/thumb/v6-m/nofp\libgcc.a

.debug_info     0x00000000    0x16c41
 .debug_info    0x00000000     0xa54c ./Core/Src/lsm6dsr_reg.o
 .debug_info    0x0000a54c     0x28bd ./Core/Src/main.o
 .debug_info    0x0000ce09      0x886 ./Core/Src/max31331_reg.o
 .debug_info    0x0000d68f     0x1059 ./Core/Src/stm32u0xx_hal_msp.o
 .debug_info    0x0000e6e8      0x7d4 ./Core/Src/stm32u0xx_it.o
 .debug_info    0x0000eebc      0x66c ./Core/Src/system_stm32u0xx.o
 .debug_info    0x0000f528       0x30 ./Core/Startup/startup_stm32u031c8tx.o
 .debug_info    0x0000f558      0x978 ./Drivers/STM32U0xx_HAL_Driver/Src/stm32u0xx_hal.o
 .debug_info    0x0000fed0      0x8e3 ./Drivers/STM32U0xx_HAL_Driver/Src/stm32u0xx_hal_cortex.o
 .debug_info    0x000107b3      0x872 ./Drivers/STM32U0xx_HAL_Driver/Src/stm32u0xx_hal_dma.o
 .debug_info    0x00011025      0x590 ./Drivers/STM32U0xx_HAL_Driver/Src/stm32u0xx_hal_gpio.o
 .debug_info    0x000115b5     0x21ac ./Drivers/STM32U0xx_HAL_Driver/Src/stm32u0xx_hal_i2c.o
 .debug_info    0x00013761      0x7d6 ./Drivers/STM32U0xx_HAL_Driver/Src/stm32u0xx_hal_i2c_ex.o
 .debug_info    0x00013f37      0x7ed ./Drivers/STM32U0xx_HAL_Driver/Src/stm32u0xx_hal_pwr_ex.o
 .debug_info    0x00014724      0xc5d ./Drivers/STM32U0xx_HAL_Driver/Src/stm32u0xx_hal_rcc.o
 .debug_info    0x00015381      0xc1d ./Drivers/STM32U0xx_HAL_Driver/Src/stm32u0xx_hal_rcc_ex.o
 .debug_info    0x00015f9e      0xca3 ./Drivers/STM32U0xx_HAL_Driver/Src/stm32u0xx_hal_rtc.o

.debug_abbrev   0x00000000     0x236f
 .debug_abbrev  0x00000000      0x236 ./Core/Src/lsm6dsr_reg.o
 .debug_abbrev  0x00000236      0x393 ./Core/Src/main.o
 .debug_abbrev  0x000005c9      0x148 ./Core/Src/max31331_reg.o
 .debug_abbrev  0x00000711      0x22b ./Core/Src/stm32u0xx_hal_msp.o
 .debug_abbrev  0x0000093c      0x1b5 ./Core/Src/stm32u0xx_it.o
 .debug_abbrev  0x00000af1      0x117 ./Core/Src/system_stm32u0xx.o
 .debug_abbrev  0x00000c08       0x24 ./Core/Startup/startup_stm32u031c8tx.o
 .debug_abbrev  0x00000c2c      0x2cd ./Drivers/STM32U0xx_HAL_Driver/Src/stm32u0xx_hal.o
 .debug_abbrev  0x00000ef9      0x2ab ./Drivers/STM32U0xx_HAL_Driver/Src/stm32u0xx_hal_cortex.o
 .debug_abbrev  0x000011a4      0x214 ./Drivers/STM32U0xx_HAL_Driver/Src/stm32u0xx_hal_dma.o
 .debug_abbrev  0x000013b8      0x1c8 ./Drivers/STM32U0xx_HAL_Driver/Src/stm32u0xx_hal_gpio.o
 .debug_abbrev  0x00001580      0x293 ./Drivers/STM32U0xx_HAL_Driver/Src/stm32u0xx_hal_i2c.o
 .debug_abbrev  0x00001813      0x1bf ./Drivers/STM32U0xx_HAL_Driver/Src/stm32u0xx_hal_i2c_ex.o
 .debug_abbrev  0x000019d2      0x212 ./Drivers/STM32U0xx_HAL_Driver/Src/stm32u0xx_hal_pwr_ex.o
 .debug_abbrev  0x00001be4      0x2d7 ./Drivers/STM32U0xx_HAL_Driver/Src/stm32u0xx_hal_rcc.o
 .debug_abbrev  0x00001ebb      0x28e ./Drivers/STM32U0xx_HAL_Driver/Src/stm32u0xx_hal_rcc_ex.o
 .debug_abbrev  0x00002149      0x226 ./Drivers/STM32U0xx_HAL_Driver/Src/stm32u0xx_hal_rtc.o

.debug_aranges  0x00000000     0x1608
 .debug_aranges
                0x00000000      0xa98 ./Core/Src/lsm6dsr_reg.o
 .debug_aranges
                0x00000a98       0xe0 ./Core/Src/main.o
 .debug_aranges
                0x00000b78       0x98 ./Core/Src/max31331_reg.o
 .debug_aranges
                0x00000c10       0x40 ./Core/Src/stm32u0xx_hal_msp.o
 .debug_aranges
                0x00000c50       0x60 ./Core/Src/stm32u0xx_it.o
 .debug_aranges
                0x00000cb0       0x28 ./Core/Src/system_stm32u0xx.o
 .debug_aranges
                0x00000cd8       0x28 ./Core/Startup/startup_stm32u031c8tx.o
 .debug_aranges
                0x00000d00      0x130 ./Drivers/STM32U0xx_HAL_Driver/Src/stm32u0xx_hal.o
 .debug_aranges
                0x00000e30       0xe8 ./Drivers/STM32U0xx_HAL_Driver/Src/stm32u0xx_hal_cortex.o
 .debug_aranges
                0x00000f18       0x90 ./Drivers/STM32U0xx_HAL_Driver/Src/stm32u0xx_hal_dma.o
 .debug_aranges
                0x00000fa8       0x60 ./Drivers/STM32U0xx_HAL_Driver/Src/stm32u0xx_hal_gpio.o
 .debug_aranges
                0x00001008      0x2a0 ./Drivers/STM32U0xx_HAL_Driver/Src/stm32u0xx_hal_i2c.o
 .debug_aranges
                0x000012a8       0x40 ./Drivers/STM32U0xx_HAL_Driver/Src/stm32u0xx_hal_i2c_ex.o
 .debug_aranges
                0x000012e8      0x108 ./Drivers/STM32U0xx_HAL_Driver/Src/stm32u0xx_hal_pwr_ex.o
 .debug_aranges
                0x000013f0       0x88 ./Drivers/STM32U0xx_HAL_Driver/Src/stm32u0xx_hal_rcc.o
 .debug_aranges
                0x00001478       0xa8 ./Drivers/STM32U0xx_HAL_Driver/Src/stm32u0xx_hal_rcc_ex.o
 .debug_aranges
                0x00001520       0xe8 ./Drivers/STM32U0xx_HAL_Driver/Src/stm32u0xx_hal_rtc.o

.debug_rnglists
                0x00000000     0x1101
 .debug_rnglists
                0x00000000      0x83a ./Core/Src/lsm6dsr_reg.o
 .debug_rnglists
                0x0000083a       0xb1 ./Core/Src/main.o
 .debug_rnglists
                0x000008eb       0x74 ./Core/Src/max31331_reg.o
 .debug_rnglists
                0x0000095f       0x2d ./Core/Src/stm32u0xx_hal_msp.o
 .debug_rnglists
                0x0000098c       0x43 ./Core/Src/stm32u0xx_it.o
 .debug_rnglists
                0x000009cf       0x1a ./Core/Src/system_stm32u0xx.o
 .debug_rnglists
                0x000009e9       0x19 ./Core/Startup/startup_stm32u031c8tx.o
 .debug_rnglists
                0x00000a02       0xe0 ./Drivers/STM32U0xx_HAL_Driver/Src/stm32u0xx_hal.o
 .debug_rnglists
                0x00000ae2       0xaa ./Drivers/STM32U0xx_HAL_Driver/Src/stm32u0xx_hal_cortex.o
 .debug_rnglists
                0x00000b8c       0x72 ./Drivers/STM32U0xx_HAL_Driver/Src/stm32u0xx_hal_dma.o
 .debug_rnglists
                0x00000bfe       0x45 ./Drivers/STM32U0xx_HAL_Driver/Src/stm32u0xx_hal_gpio.o
 .debug_rnglists
                0x00000c43      0x229 ./Drivers/STM32U0xx_HAL_Driver/Src/stm32u0xx_hal_i2c.o
 .debug_rnglists
                0x00000e6c       0x30 ./Drivers/STM32U0xx_HAL_Driver/Src/stm32u0xx_hal_i2c_ex.o
 .debug_rnglists
                0x00000e9c       0xc8 ./Drivers/STM32U0xx_HAL_Driver/Src/stm32u0xx_hal_pwr_ex.o
 .debug_rnglists
                0x00000f64       0x68 ./Drivers/STM32U0xx_HAL_Driver/Src/stm32u0xx_hal_rcc.o
 .debug_rnglists
                0x00000fcc       0x81 ./Drivers/STM32U0xx_HAL_Driver/Src/stm32u0xx_hal_rcc_ex.o
 .debug_rnglists
                0x0000104d       0xb4 ./Drivers/STM32U0xx_HAL_Driver/Src/stm32u0xx_hal_rtc.o

.debug_macro    0x00000000    0x1ab03
 .debug_macro   0x00000000      0x126 ./Core/Src/lsm6dsr_reg.o
 .debug_macro   0x00000126      0xa8a ./Core/Src/lsm6dsr_reg.o
 .debug_macro   0x00000bb0       0x22 ./Core/Src/lsm6dsr_reg.o
 .debug_macro   0x00000bd2       0x8e ./Core/Src/lsm6dsr_reg.o
 .debug_macro   0x00000c60       0x51 ./Core/Src/lsm6dsr_reg.o
 .debug_macro   0x00000cb1      0x103 ./Core/Src/lsm6dsr_reg.o
 .debug_macro   0x00000db4       0x6a ./Core/Src/lsm6dsr_reg.o
 .debug_macro   0x00000e1e      0x1df ./Core/Src/lsm6dsr_reg.o
 .debug_macro   0x00000ffd      0x189 ./Core/Src/lsm6dsr_reg.o
 .debug_macro   0x00001186       0x61 ./Core/Src/lsm6dsr_reg.o
 .debug_macro   0x000011e7       0x24 ./Core/Src/lsm6dsr_reg.o
 .debug_macro   0x0000120b       0x43 ./Core/Src/lsm6dsr_reg.o
 .debug_macro   0x0000124e       0x34 ./Core/Src/lsm6dsr_reg.o
 .debug_macro   0x00001282       0x16 ./Core/Src/lsm6dsr_reg.o
 .debug_macro   0x00001298       0x43 ./Core/Src/lsm6dsr_reg.o
 .debug_macro   0x000012db       0x34 ./Core/Src/lsm6dsr_reg.o
 .debug_macro   0x0000130f       0x10 ./Core/Src/lsm6dsr_reg.o
 .debug_macro   0x0000131f       0x58 ./Core/Src/lsm6dsr_reg.o
 .debug_macro   0x00001377       0x8e ./Core/Src/lsm6dsr_reg.o
 .debug_macro   0x00001405       0x1c ./Core/Src/lsm6dsr_reg.o
 .debug_macro   0x00001421      0x177 ./Core/Src/lsm6dsr_reg.o
 .debug_macro   0x00001598      0x369 ./Core/Src/lsm6dsr_reg.o
 .debug_macro   0x00001901      0x19b ./Core/Src/lsm6dsr_reg.o
 .debug_macro   0x00001a9c      0x576 ./Core/Src/lsm6dsr_reg.o
 .debug_macro   0x00002012      0x337 ./Core/Src/main.o
 .debug_macro   0x00002349      0x118 ./Core/Src/main.o
 .debug_macro   0x00002461       0x2e ./Core/Src/main.o
 .debug_macro   0x0000248f       0x28 ./Core/Src/main.o
 .debug_macro   0x000024b7       0x1c ./Core/Src/main.o
 .debug_macro   0x000024d3       0x22 ./Core/Src/main.o
 .debug_macro   0x000024f5       0xd1 ./Core/Src/main.o
 .debug_macro   0x000025c6      0x4da ./Core/Src/main.o
 .debug_macro   0x00002aa0      0x11f ./Core/Src/main.o
 .debug_macro   0x00002bbf     0xdc06 ./Core/Src/main.o
 .debug_macro   0x000107c5       0x6c ./Core/Src/main.o
 .debug_macro   0x00010831     0x3463 ./Core/Src/main.o
 .debug_macro   0x00013c94       0x5a ./Core/Src/main.o
 .debug_macro   0x00013cee     0x11c3 ./Core/Src/main.o
 .debug_macro   0x00014eb1      0x31a ./Core/Src/main.o
 .debug_macro   0x000151cb      0x1cf ./Core/Src/main.o
 .debug_macro   0x0001539a      0x11c ./Core/Src/main.o
 .debug_macro   0x000154b6      0x432 ./Core/Src/main.o
 .debug_macro   0x000158e8      0x280 ./Core/Src/main.o
 .debug_macro   0x00015b68      0x3c3 ./Core/Src/main.o
 .debug_macro   0x00015f2b      0x1a5 ./Core/Src/main.o
 .debug_macro   0x000160d0       0x43 ./Core/Src/main.o
 .debug_macro   0x00016113      0x1f1 ./Core/Src/main.o
 .debug_macro   0x00016304      0x1b6 ./Core/Src/main.o
 .debug_macro   0x000164ba      0x375 ./Core/Src/main.o
 .debug_macro   0x0001682f       0x2e ./Core/Src/main.o
 .debug_macro   0x0001685d       0xe4 ./Core/Src/main.o
 .debug_macro   0x00016941      0x22c ./Core/Src/main.o
 .debug_macro   0x00016b6d       0x36 ./Core/Src/main.o
 .debug_macro   0x00016ba3       0xa5 ./Core/Src/main.o
 .debug_macro   0x00016c48      0x128 ./Core/Src/main.o
 .debug_macro   0x00016d70      0x34b ./Core/Src/main.o
 .debug_macro   0x000170bb      0x336 ./Core/Src/main.o
 .debug_macro   0x000173f1      0x65f ./Core/Src/main.o
 .debug_macro   0x00017a50       0xe4 ./Core/Src/main.o
 .debug_macro   0x00017b34      0x555 ./Core/Src/main.o
 .debug_macro   0x00018089      0x118 ./Core/Src/main.o
 .debug_macro   0x000181a1      0x56f ./Core/Src/main.o
 .debug_macro   0x00018710      0x703 ./Core/Src/main.o
 .debug_macro   0x00018e13       0x1c ./Core/Src/main.o
 .debug_macro   0x00018e2f       0x35 ./Core/Src/main.o
 .debug_macro   0x00018e64       0x10 ./Core/Src/main.o
 .debug_macro   0x00018e74       0x1c ./Core/Src/main.o
 .debug_macro   0x00018e90       0x16 ./Core/Src/main.o
 .debug_macro   0x00018ea6      0x146 ./Core/Src/main.o
 .debug_macro   0x00018fec      0x126 ./Core/Src/max31331_reg.o
 .debug_macro   0x00019112      0x1ef ./Core/Src/stm32u0xx_hal_msp.o
 .debug_macro   0x00019301      0x1f9 ./Core/Src/stm32u0xx_it.o
 .debug_macro   0x000194fa      0x1ec ./Core/Src/system_stm32u0xx.o
 .debug_macro   0x000196e6      0x1fe ./Drivers/STM32U0xx_HAL_Driver/Src/stm32u0xx_hal.o
 .debug_macro   0x000198e4      0x1e0 ./Drivers/STM32U0xx_HAL_Driver/Src/stm32u0xx_hal_cortex.o
 .debug_macro   0x00019ac4      0x1e0 ./Drivers/STM32U0xx_HAL_Driver/Src/stm32u0xx_hal_dma.o
 .debug_macro   0x00019ca4      0x1e6 ./Drivers/STM32U0xx_HAL_Driver/Src/stm32u0xx_hal_gpio.o
 .debug_macro   0x00019e8a      0x2ac ./Drivers/STM32U0xx_HAL_Driver/Src/stm32u0xx_hal_i2c.o
 .debug_macro   0x0001a136      0x1e0 ./Drivers/STM32U0xx_HAL_Driver/Src/stm32u0xx_hal_i2c_ex.o
 .debug_macro   0x0001a316      0x20a ./Drivers/STM32U0xx_HAL_Driver/Src/stm32u0xx_hal_pwr_ex.o
 .debug_macro   0x0001a520      0x210 ./Drivers/STM32U0xx_HAL_Driver/Src/stm32u0xx_hal_rcc.o
 .debug_macro   0x0001a730      0x1f2 ./Drivers/STM32U0xx_HAL_Driver/Src/stm32u0xx_hal_rcc_ex.o
 .debug_macro   0x0001a922      0x1e1 ./Drivers/STM32U0xx_HAL_Driver/Src/stm32u0xx_hal_rtc.o

.debug_line     0x00000000    0x12fc2
 .debug_line    0x00000000     0x4c8e ./Core/Src/lsm6dsr_reg.o
 .debug_line    0x00004c8e      0xfe0 ./Core/Src/main.o
 .debug_line    0x00005c6e      0xa75 ./Core/Src/max31331_reg.o
 .debug_line    0x000066e3      0x84b ./Core/Src/stm32u0xx_hal_msp.o
 .debug_line    0x00006f2e      0x84a ./Core/Src/stm32u0xx_it.o
 .debug_line    0x00007778      0x849 ./Core/Src/system_stm32u0xx.o
 .debug_line    0x00007fc1       0x7b ./Core/Startup/startup_stm32u031c8tx.o
 .debug_line    0x0000803c      0xb31 ./Drivers/STM32U0xx_HAL_Driver/Src/stm32u0xx_hal.o
 .debug_line    0x00008b6d      0xbc3 ./Drivers/STM32U0xx_HAL_Driver/Src/stm32u0xx_hal_cortex.o
 .debug_line    0x00009730      0xdb9 ./Drivers/STM32U0xx_HAL_Driver/Src/stm32u0xx_hal_dma.o
 .debug_line    0x0000a4e9      0xbb7 ./Drivers/STM32U0xx_HAL_Driver/Src/stm32u0xx_hal_gpio.o
 .debug_line    0x0000b0a0     0x395b ./Drivers/STM32U0xx_HAL_Driver/Src/stm32u0xx_hal_i2c.o
 .debug_line    0x0000e9fb      0x9c1 ./Drivers/STM32U0xx_HAL_Driver/Src/stm32u0xx_hal_i2c_ex.o
 .debug_line    0x0000f3bc      0xbff ./Drivers/STM32U0xx_HAL_Driver/Src/stm32u0xx_hal_pwr_ex.o
 .debug_line    0x0000ffbb      0xfa7 ./Drivers/STM32U0xx_HAL_Driver/Src/stm32u0xx_hal_rcc.o
 .debug_line    0x00010f62     0x1060 ./Drivers/STM32U0xx_HAL_Driver/Src/stm32u0xx_hal_rcc_ex.o
 .debug_line    0x00011fc2     0x1000 ./Drivers/STM32U0xx_HAL_Driver/Src/stm32u0xx_hal_rtc.o

.debug_str      0x00000000    0xaafac
 .debug_str     0x00000000     0xe88b ./Core/Src/lsm6dsr_reg.o
                               0xeafd (size before relaxing)
 .debug_str     0x0000e88b    0x999c9 ./Core/Src/main.o
                              0xa35a3 (size before relaxing)
 .debug_str     0x000a8254       0xc4 ./Core/Src/max31331_reg.o
                               0xa0ea (size before relaxing)
 .debug_str     0x000a8318      0x1f9 ./Core/Src/stm32u0xx_hal_msp.o
                              0x9a98c (size before relaxing)
 .debug_str     0x000a8511      0x12b ./Core/Src/stm32u0xx_it.o
                              0x9a357 (size before relaxing)
 .debug_str     0x000a863c      0x199 ./Core/Src/system_stm32u0xx.o
                              0x99b32 (size before relaxing)
 .debug_str     0x000a87d5       0x44 ./Core/Startup/startup_stm32u031c8tx.o
                                 0x7e (size before relaxing)
 .debug_str     0x000a8819      0x485 ./Drivers/STM32U0xx_HAL_Driver/Src/stm32u0xx_hal.o
                              0x9a13e (size before relaxing)
 .debug_str     0x000a8c9e      0x25a ./Drivers/STM32U0xx_HAL_Driver/Src/stm32u0xx_hal_cortex.o
                              0x99e95 (size before relaxing)
 .debug_str     0x000a8ef8      0x288 ./Drivers/STM32U0xx_HAL_Driver/Src/stm32u0xx_hal_dma.o
                              0x99e53 (size before relaxing)
 .debug_str     0x000a9180       0xe8 ./Drivers/STM32U0xx_HAL_Driver/Src/stm32u0xx_hal_gpio.o
                              0x99aee (size before relaxing)
 .debug_str     0x000a9268      0xe38 ./Drivers/STM32U0xx_HAL_Driver/Src/stm32u0xx_hal_i2c.o
                              0x9ad7f (size before relaxing)
 .debug_str     0x000aa0a0       0x87 ./Drivers/STM32U0xx_HAL_Driver/Src/stm32u0xx_hal_i2c_ex.o
                              0x99ef6 (size before relaxing)
 .debug_str     0x000aa127      0x418 ./Drivers/STM32U0xx_HAL_Driver/Src/stm32u0xx_hal_pwr_ex.o
                              0x99eb0 (size before relaxing)
 .debug_str     0x000aa53f      0x436 ./Drivers/STM32U0xx_HAL_Driver/Src/stm32u0xx_hal_rcc.o
                              0x9a1c9 (size before relaxing)
 .debug_str     0x000aa975      0x326 ./Drivers/STM32U0xx_HAL_Driver/Src/stm32u0xx_hal_rcc_ex.o
                              0x9a05d (size before relaxing)
 .debug_str     0x000aac9b      0x311 ./Drivers/STM32U0xx_HAL_Driver/Src/stm32u0xx_hal_rtc.o
                              0x99ed4 (size before relaxing)

.comment        0x00000000       0x43
 .comment       0x00000000       0x43 ./Core/Src/lsm6dsr_reg.o
                                 0x44 (size before relaxing)
 .comment       0x00000043       0x44 ./Core/Src/main.o
 .comment       0x00000043       0x44 ./Core/Src/max31331_reg.o
 .comment       0x00000043       0x44 ./Core/Src/stm32u0xx_hal_msp.o
 .comment       0x00000043       0x44 ./Core/Src/stm32u0xx_it.o
 .comment       0x00000043       0x44 ./Core/Src/system_stm32u0xx.o
 .comment       0x00000043       0x44 ./Drivers/STM32U0xx_HAL_Driver/Src/stm32u0xx_hal.o
 .comment       0x00000043       0x44 ./Drivers/STM32U0xx_HAL_Driver/Src/stm32u0xx_hal_cortex.o
 .comment       0x00000043       0x44 ./Drivers/STM32U0xx_HAL_Driver/Src/stm32u0xx_hal_dma.o
 .comment       0x00000043       0x44 ./Drivers/STM32U0xx_HAL_Driver/Src/stm32u0xx_hal_gpio.o
 .comment       0x00000043       0x44 ./Drivers/STM32U0xx_HAL_Driver/Src/stm32u0xx_hal_i2c.o
 .comment       0x00000043       0x44 ./Drivers/STM32U0xx_HAL_Driver/Src/stm32u0xx_hal_i2c_ex.o
 .comment       0x00000043       0x44 ./Drivers/STM32U0xx_HAL_Driver/Src/stm32u0xx_hal_pwr_ex.o
 .comment       0x00000043       0x44 ./Drivers/STM32U0xx_HAL_Driver/Src/stm32u0xx_hal_rcc.o
 .comment       0x00000043       0x44 ./Drivers/STM32U0xx_HAL_Driver/Src/stm32u0xx_hal_rcc_ex.o
 .comment       0x00000043       0x44 ./Drivers/STM32U0xx_HAL_Driver/Src/stm32u0xx_hal_rtc.o

.debug_frame    0x00000000     0x5264
 .debug_frame   0x00000000     0x2a34 ./Core/Src/lsm6dsr_reg.o
 .debug_frame   0x00002a34      0x334 ./Core/Src/main.o
 .debug_frame   0x00002d68      0x22c ./Core/Src/max31331_reg.o
 .debug_frame   0x00002f94       0xb0 ./Core/Src/stm32u0xx_hal_msp.o
 .debug_frame   0x00003044      0x10c ./Core/Src/stm32u0xx_it.o
 .debug_frame   0x00003150       0x50 ./Core/Src/system_stm32u0xx.o
 .debug_frame   0x000031a0      0x408 ./Drivers/STM32U0xx_HAL_Driver/Src/stm32u0xx_hal.o
 .debug_frame   0x000035a8      0x33c ./Drivers/STM32U0xx_HAL_Driver/Src/stm32u0xx_hal_cortex.o
 .debug_frame   0x000038e4      0x1f0 ./Drivers/STM32U0xx_HAL_Driver/Src/stm32u0xx_hal_dma.o
 .debug_frame   0x00003ad4      0x130 ./Drivers/STM32U0xx_HAL_Driver/Src/stm32u0xx_hal_gpio.o
 .debug_frame   0x00003c04      0xa68 ./Drivers/STM32U0xx_HAL_Driver/Src/stm32u0xx_hal_i2c.o
 .debug_frame   0x0000466c       0xb0 ./Drivers/STM32U0xx_HAL_Driver/Src/stm32u0xx_hal_i2c_ex.o
 .debug_frame   0x0000471c      0x388 ./Drivers/STM32U0xx_HAL_Driver/Src/stm32u0xx_hal_pwr_ex.o
 .debug_frame   0x00004aa4      0x1c4 ./Drivers/STM32U0xx_HAL_Driver/Src/stm32u0xx_hal_rcc.o
 .debug_frame   0x00004c68      0x23c ./Drivers/STM32U0xx_HAL_Driver/Src/stm32u0xx_hal_rcc_ex.o
 .debug_frame   0x00004ea4      0x354 ./Drivers/STM32U0xx_HAL_Driver/Src/stm32u0xx_hal_rtc.o
 .debug_frame   0x000051f8       0x20 C:/ST/STM32CubeIDE_1.17.0/STM32CubeIDE/plugins/com.st.stm32cube.ide.mcu.externaltools.gnu-tools-for-stm32.12.3.rel1.win32_1.1.0.202410251130/tools/bin/../lib/gcc/arm-none-eabi/12.3.1/../../../../arm-none-eabi/lib/thumb/v6-m/nofp\libc_nano.a(libc_a-memset.o)
 .debug_frame   0x00005218       0x2c C:/ST/STM32CubeIDE_1.17.0/STM32CubeIDE/plugins/com.st.stm32cube.ide.mcu.externaltools.gnu-tools-for-stm32.12.3.rel1.win32_1.1.0.202410251130/tools/bin/../lib/gcc/arm-none-eabi/12.3.1/../../../../arm-none-eabi/lib/thumb/v6-m/nofp\libc_nano.a(libc_a-init.o)
 .debug_frame   0x00005244       0x20 C:/ST/STM32CubeIDE_1.17.0/STM32CubeIDE/plugins/com.st.stm32cube.ide.mcu.externaltools.gnu-tools-for-stm32.12.3.rel1.win32_1.1.0.202410251130/tools/bin/../lib/gcc/arm-none-eabi/12.3.1/thumb/v6-m/nofp\libgcc.a(_udivsi3.o)

.debug_line_str
                0x00000000       0x62
 .debug_line_str
                0x00000000       0x62 ./Core/Startup/startup_stm32u031c8tx.o
