../Core/Src/main.c:174:5:main	8	static
../Core/Src/main.c:273:6:SystemClock_Config	104	static
../Core/Src/main.c:313:13:MX_I2C3_Init	8	static
../Core/Src/main.c:357:13:MX_DMA_Init	16	static
../Core/Src/main.c:375:13:MX_GPIO_Init	56	static
../Core/Src/main.c:464:6:initJobQueue	16	static
../Core/Src/main.c:470:5:isJobsEmpty	16	static
../Core/Src/main.c:474:5:isJobsFull	16	static
../Core/Src/main.c:478:5:enqueueJob	16	static
../Core/Src/main.c:491:5:dequeueJob	16	static
../Core/Src/main.c:505:13:startJob	48	static,ignoring_inline_asm
../Core/Src/main.c:548:13:processJob	40	static
../Core/Src/main.c:610:13:clear_I2C_bus	32	static
../Core/Src/main.c:640:13:LSM6DSR_Init	16	static
../Core/Src/main.c:699:13:LSM6DSR_Init_Pedo_INT2	16	static
../Core/Src/main.c:723:13:LSM6DSR_Init_Tap_INT2	16	static
../Core/Src/main.c:762:13:MAX31331_Init	56	static
../Core/Src/main.c:825:6:Enter_LowPowerRunMode	104	static
../Core/Src/main.c:856:6:Exit_LowPowerRunMode	112	static
../Core/Src/main.c:901:6:HAL_GPIO_EXTI_Falling_Callback	16	static
../Core/Src/main.c:911:6:HAL_GPIO_EXTI_Rising_Callback	16	static
../Core/Src/main.c:928:6:HAL_I2C_MemRxCpltCallback	16	static
../Core/Src/main.c:946:16:platform_write	56	static
../Core/Src/main.c:955:16:platform_read	56	static
../Core/Src/main.c:970:6:Error_Handler	8	static,ignoring_inline_asm
