../Core/Src/main.c:174:5:main	3
../Core/Src/main.c:273:6:SystemClock_Config	3
../Core/Src/main.c:313:13:MX_I2C3_Init	4
../Core/Src/main.c:357:13:MX_DMA_Init	1
../Core/Src/main.c:375:13:MX_GPIO_Init	1
../Core/Src/main.c:464:6:initJobQueue	1
../Core/Src/main.c:470:5:isJobsEmpty	1
../Core/Src/main.c:474:5:isJobsFull	1
../Core/Src/main.c:478:5:enqueueJob	3
../Core/Src/main.c:491:5:dequeueJob	3
../Core/Src/main.c:505:13:startJob	10
../Core/Src/main.c:548:13:processJob	10
../Core/Src/main.c:610:13:clear_I2C_bus	3
../Core/Src/main.c:640:13:LSM6DSR_Init	9
../Core/Src/main.c:699:13:LSM6DSR_Init_Pedo_INT2	1
../Core/Src/main.c:723:13:LSM6DSR_Init_Tap_INT2	1
../Core/Src/main.c:762:13:MAX31331_Init	1
../Core/Src/main.c:825:6:Enter_LowPowerRunMode	3
../Core/Src/main.c:856:6:Exit_LowPowerRunMode	5
../Core/Src/main.c:901:6:HAL_GPIO_EXTI_Falling_Callback	4
../Core/Src/main.c:911:6:HAL_GPIO_EXTI_Rising_Callback	7
../Core/Src/main.c:928:6:HAL_I2C_MemRxCpltCallback	5
../Core/Src/main.c:946:16:platform_write	2
../Core/Src/main.c:955:16:platform_read	2
../Core/Src/main.c:970:6:Error_Handler	1
